[0.452s] Invoking command in '/home/eileen/ros2_ws/src/smart_lighting_controller': DEBUGINFOD_URLS=https://debuginfod.ubuntu.com PYTHONPATH=/home/eileen/ros2_ws/build/smart_lighting_controller/prefix_override:/usr/lib/python3/dist-packages/colcon_core/task/python/colcon_distutils_commands:/home/eileen/ros2_ws/install/smart_lighting_controller/lib/python3.12/site-packages:${PYTHONPATH} /usr/bin/python3 -W ignore:setup.py install is deprecated -W ignore:easy_install command is deprecated setup.py egg_info --egg-base ../../build/smart_lighting_controller build --build-base /home/eileen/ros2_ws/build/smart_lighting_controller/build install --record /home/eileen/ros2_ws/build/smart_lighting_controller/install.log --single-version-externally-managed install_data
[0.580s] running egg_info
[0.588s] writing ../../build/smart_lighting_controller/smart_lighting_controller.egg-info/PKG-INFO
[0.588s] writing dependency_links to ../../build/smart_lighting_controller/smart_lighting_controller.egg-info/dependency_links.txt
[0.589s] writing entry points to ../../build/smart_lighting_controller/smart_lighting_controller.egg-info/entry_points.txt
[0.589s] writing requirements to ../../build/smart_lighting_controller/smart_lighting_controller.egg-info/requires.txt
[0.589s] writing top-level names to ../../build/smart_lighting_controller/smart_lighting_controller.egg-info/top_level.txt
[0.607s] reading manifest file '../../build/smart_lighting_controller/smart_lighting_controller.egg-info/SOURCES.txt'
[0.608s] writing manifest file '../../build/smart_lighting_controller/smart_lighting_controller.egg-info/SOURCES.txt'
[0.608s] running build
[0.608s] running build_py
[0.608s] copying smart_lighting_controller/lighting_controller.py -> /home/eileen/ros2_ws/build/smart_lighting_controller/build/lib/smart_lighting_controller
[0.608s] running install
[0.612s] running install_lib
[0.621s] copying /home/eileen/ros2_ws/build/smart_lighting_controller/build/lib/smart_lighting_controller/lighting_controller.py -> /home/eileen/ros2_ws/install/smart_lighting_controller/lib/python3.12/site-packages/smart_lighting_controller
[0.621s] byte-compiling /home/eileen/ros2_ws/install/smart_lighting_controller/lib/python3.12/site-packages/smart_lighting_controller/lighting_controller.py to lighting_controller.cpython-312.pyc
[0.621s] running install_data
[0.622s] running install_egg_info
[0.631s] removing '/home/eileen/ros2_ws/install/smart_lighting_controller/lib/python3.12/site-packages/smart_lighting_controller-0.0.0-py3.12.egg-info' (and everything under it)
[0.631s] Copying ../../build/smart_lighting_controller/smart_lighting_controller.egg-info to /home/eileen/ros2_ws/install/smart_lighting_controller/lib/python3.12/site-packages/smart_lighting_controller-0.0.0-py3.12.egg-info
[0.631s] running install_scripts
[0.695s] Installing lighting_controller script to /home/eileen/ros2_ws/install/smart_lighting_controller/lib/smart_lighting_controller
[0.695s] writing list of installed files to '/home/eileen/ros2_ws/build/smart_lighting_controller/install.log'
[0.716s] Invoked command in '/home/eileen/ros2_ws/src/smart_lighting_controller' returned '0': DEBUGINFOD_URLS=https://debuginfod.ubuntu.com PYTHONPATH=/home/eileen/ros2_ws/build/smart_lighting_controller/prefix_override:/usr/lib/python3/dist-packages/colcon_core/task/python/colcon_distutils_commands:/home/eileen/ros2_ws/install/smart_lighting_controller/lib/python3.12/site-packages:${PYTHONPATH} /usr/bin/python3 -W ignore:setup.py install is deprecated -W ignore:easy_install command is deprecated setup.py egg_info --egg-base ../../build/smart_lighting_controller build --build-base /home/eileen/ros2_ws/build/smart_lighting_controller/build install --record /home/eileen/ros2_ws/build/smart_lighting_controller/install.log --single-version-externally-managed install_data
