[0.529s] Invoking command in '/home/eileen/ros2_ws/src/smart_lighting_controller': DEBUGINFOD_URLS=https://debuginfod.ubuntu.com PYTHONPATH=/home/eileen/ros2_ws/build/smart_lighting_controller/prefix_override:/usr/lib/python3/dist-packages/colcon_core/task/python/colcon_distutils_commands:/home/eileen/ros2_ws/install/smart_lighting_controller/lib/python3.12/site-packages:${PYTHONPATH} /usr/bin/python3 -W ignore:setup.py install is deprecated -W ignore:easy_install command is deprecated setup.py egg_info --egg-base ../../build/smart_lighting_controller build --build-base /home/eileen/ros2_ws/build/smart_lighting_controller/build install --record /home/eileen/ros2_ws/build/smart_lighting_controller/install.log --single-version-externally-managed install_data
[0.659s] running egg_info
[0.659s] creating ../../build/smart_lighting_controller/smart_lighting_controller.egg-info
[0.667s] writing ../../build/smart_lighting_controller/smart_lighting_controller.egg-info/PKG-INFO
[0.667s] writing dependency_links to ../../build/smart_lighting_controller/smart_lighting_controller.egg-info/dependency_links.txt
[0.667s] writing entry points to ../../build/smart_lighting_controller/smart_lighting_controller.egg-info/entry_points.txt
[0.667s] writing requirements to ../../build/smart_lighting_controller/smart_lighting_controller.egg-info/requires.txt
[0.667s] writing top-level names to ../../build/smart_lighting_controller/smart_lighting_controller.egg-info/top_level.txt
[0.668s] writing manifest file '../../build/smart_lighting_controller/smart_lighting_controller.egg-info/SOURCES.txt'
[0.683s] reading manifest file '../../build/smart_lighting_controller/smart_lighting_controller.egg-info/SOURCES.txt'
[0.684s] writing manifest file '../../build/smart_lighting_controller/smart_lighting_controller.egg-info/SOURCES.txt'
[0.684s] running build
[0.684s] running build_py
[0.684s] creating /home/eileen/ros2_ws/build/smart_lighting_controller/build
[0.684s] creating /home/eileen/ros2_ws/build/smart_lighting_controller/build/lib
[0.685s] creating /home/eileen/ros2_ws/build/smart_lighting_controller/build/lib/smart_lighting_controller
[0.685s] copying smart_lighting_controller/__init__.py -> /home/eileen/ros2_ws/build/smart_lighting_controller/build/lib/smart_lighting_controller
[0.685s] copying smart_lighting_controller/lighting_controller.py -> /home/eileen/ros2_ws/build/smart_lighting_controller/build/lib/smart_lighting_controller
[0.685s] running install
[0.688s] running install_lib
[0.698s] creating /home/eileen/ros2_ws/install/smart_lighting_controller/lib/python3.12/site-packages/smart_lighting_controller
[0.698s] copying /home/eileen/ros2_ws/build/smart_lighting_controller/build/lib/smart_lighting_controller/__init__.py -> /home/eileen/ros2_ws/install/smart_lighting_controller/lib/python3.12/site-packages/smart_lighting_controller
[0.698s] copying /home/eileen/ros2_ws/build/smart_lighting_controller/build/lib/smart_lighting_controller/lighting_controller.py -> /home/eileen/ros2_ws/install/smart_lighting_controller/lib/python3.12/site-packages/smart_lighting_controller
[0.699s] byte-compiling /home/eileen/ros2_ws/install/smart_lighting_controller/lib/python3.12/site-packages/smart_lighting_controller/__init__.py to __init__.cpython-312.pyc
[0.699s] byte-compiling /home/eileen/ros2_ws/install/smart_lighting_controller/lib/python3.12/site-packages/smart_lighting_controller/lighting_controller.py to lighting_controller.cpython-312.pyc
[0.699s] running install_data
[0.699s] creating /home/eileen/ros2_ws/install/smart_lighting_controller/share/ament_index
[0.699s] creating /home/eileen/ros2_ws/install/smart_lighting_controller/share/ament_index/resource_index
[0.699s] creating /home/eileen/ros2_ws/install/smart_lighting_controller/share/ament_index/resource_index/packages
[0.699s] copying resource/smart_lighting_controller -> /home/eileen/ros2_ws/install/smart_lighting_controller/share/ament_index/resource_index/packages
[0.699s] copying package.xml -> /home/eileen/ros2_ws/install/smart_lighting_controller/share/smart_lighting_controller
[0.700s] running install_egg_info
[0.709s] Copying ../../build/smart_lighting_controller/smart_lighting_controller.egg-info to /home/eileen/ros2_ws/install/smart_lighting_controller/lib/python3.12/site-packages/smart_lighting_controller-0.0.0-py3.12.egg-info
[0.709s] running install_scripts
[0.773s] Installing lighting_controller script to /home/eileen/ros2_ws/install/smart_lighting_controller/lib/smart_lighting_controller
[0.774s] writing list of installed files to '/home/eileen/ros2_ws/build/smart_lighting_controller/install.log'
[0.790s] Invoked command in '/home/eileen/ros2_ws/src/smart_lighting_controller' returned '0': DEBUGINFOD_URLS=https://debuginfod.ubuntu.com PYTHONPATH=/home/eileen/ros2_ws/build/smart_lighting_controller/prefix_override:/usr/lib/python3/dist-packages/colcon_core/task/python/colcon_distutils_commands:/home/eileen/ros2_ws/install/smart_lighting_controller/lib/python3.12/site-packages:${PYTHONPATH} /usr/bin/python3 -W ignore:setup.py install is deprecated -W ignore:easy_install command is deprecated setup.py egg_info --egg-base ../../build/smart_lighting_controller build --build-base /home/eileen/ros2_ws/build/smart_lighting_controller/build install --record /home/eileen/ros2_ws/build/smart_lighting_controller/install.log --single-version-externally-managed install_data
