[0.422s] Invoking command in '/home/eileen/ros2_ws/src/smart_lighting_controller': DEBUGINFOD_URLS=https://debuginfod.ubuntu.com PYTHONPATH=/home/eileen/ros2_ws/build/smart_lighting_controller/prefix_override:/usr/lib/python3/dist-packages/colcon_core/task/python/colcon_distutils_commands:/home/eileen/ros2_ws/install/smart_lighting_controller/lib/python3.12/site-packages:${PYTHONPATH} /usr/bin/python3 -W ignore:setup.py install is deprecated -W ignore:easy_install command is deprecated setup.py egg_info --egg-base ../../build/smart_lighting_controller build --build-base /home/eileen/ros2_ws/build/smart_lighting_controller/build install --record /home/eileen/ros2_ws/build/smart_lighting_controller/install.log --single-version-externally-managed install_data
[0.556s] running egg_info
[0.564s] writing ../../build/smart_lighting_controller/smart_lighting_controller.egg-info/PKG-INFO
[0.567s] writing dependency_links to ../../build/smart_lighting_controller/smart_lighting_controller.egg-info/dependency_links.txt
[0.567s] writing entry points to ../../build/smart_lighting_controller/smart_lighting_controller.egg-info/entry_points.txt
[0.567s] writing requirements to ../../build/smart_lighting_controller/smart_lighting_controller.egg-info/requires.txt
[0.567s] writing top-level names to ../../build/smart_lighting_controller/smart_lighting_controller.egg-info/top_level.txt
[0.585s] reading manifest file '../../build/smart_lighting_controller/smart_lighting_controller.egg-info/SOURCES.txt'
[0.585s] writing manifest file '../../build/smart_lighting_controller/smart_lighting_controller.egg-info/SOURCES.txt'
[0.586s] running build
[0.586s] running build_py
[0.586s] copying smart_lighting_controller/lighting_controller.py -> /home/eileen/ros2_ws/build/smart_lighting_controller/build/lib/smart_lighting_controller
[0.586s] running install
[0.589s] running install_lib
[0.598s] copying /home/eileen/ros2_ws/build/smart_lighting_controller/build/lib/smart_lighting_controller/lighting_controller.py -> /home/eileen/ros2_ws/install/smart_lighting_controller/lib/python3.12/site-packages/smart_lighting_controller
[0.598s] byte-compiling /home/eileen/ros2_ws/install/smart_lighting_controller/lib/python3.12/site-packages/smart_lighting_controller/lighting_controller.py to lighting_controller.cpython-312.pyc
[0.598s] running install_data
[0.599s] running install_egg_info
[0.610s] removing '/home/eileen/ros2_ws/install/smart_lighting_controller/lib/python3.12/site-packages/smart_lighting_controller-0.0.0-py3.12.egg-info' (and everything under it)
[0.610s] Copying ../../build/smart_lighting_controller/smart_lighting_controller.egg-info to /home/eileen/ros2_ws/install/smart_lighting_controller/lib/python3.12/site-packages/smart_lighting_controller-0.0.0-py3.12.egg-info
[0.610s] running install_scripts
[0.675s] Installing lighting_controller script to /home/eileen/ros2_ws/install/smart_lighting_controller/lib/smart_lighting_controller
[0.675s] writing list of installed files to '/home/eileen/ros2_ws/build/smart_lighting_controller/install.log'
[0.691s] Invoked command in '/home/eileen/ros2_ws/src/smart_lighting_controller' returned '0': DEBUGINFOD_URLS=https://debuginfod.ubuntu.com PYTHONPATH=/home/eileen/ros2_ws/build/smart_lighting_controller/prefix_override:/usr/lib/python3/dist-packages/colcon_core/task/python/colcon_distutils_commands:/home/eileen/ros2_ws/install/smart_lighting_controller/lib/python3.12/site-packages:${PYTHONPATH} /usr/bin/python3 -W ignore:setup.py install is deprecated -W ignore:easy_install command is deprecated setup.py egg_info --egg-base ../../build/smart_lighting_controller build --build-base /home/eileen/ros2_ws/build/smart_lighting_controller/build install --record /home/eileen/ros2_ws/build/smart_lighting_controller/install.log --single-version-externally-managed install_data
