[0.561s] Invoking command in '/home/eileen/ros2_ws/build/smart_lighting_controller': DEBUGINFOD_URLS=https://debuginfod.ubuntu.com PYTHONPATH=/home/eileen/ros2_ws/build/smart_lighting_controller/prefix_override:/usr/lib/python3/dist-packages/colcon_core/task/python/colcon_distutils_commands:/home/eileen/ros2_ws/install/smart_lighting_controller/lib/python3.12/site-packages:${PYTHONPATH} /usr/bin/python3 -W ignore:setup.py install is deprecated -W ignore:easy_install command is deprecated setup.py develop --uninstall --editable --build-directory /home/eileen/ros2_ws/build/smart_lighting_controller/build
[0.728s] running develop
[0.826s] Removing /home/eileen/ros2_ws/install/smart_lighting_controller/lib/python3.12/site-packages/smart-lighting-controller.egg-link (link to .)
[0.852s] Invoked command in '/home/eileen/ros2_ws/build/smart_lighting_controller' returned '0': DEBUGINFOD_URLS=https://debuginfod.ubuntu.com PYTHONPATH=/home/eileen/ros2_ws/build/smart_lighting_controller/prefix_override:/usr/lib/python3/dist-packages/colcon_core/task/python/colcon_distutils_commands:/home/eileen/ros2_ws/install/smart_lighting_controller/lib/python3.12/site-packages:${PYTHONPATH} /usr/bin/python3 -W ignore:setup.py install is deprecated -W ignore:easy_install command is deprecated setup.py develop --uninstall --editable --build-directory /home/eileen/ros2_ws/build/smart_lighting_controller/build
[0.853s] Invoking command in '/home/eileen/ros2_ws/src/smart_lighting_controller/smart_home_take_home_assignment': DEBUGINFOD_URLS=https://debuginfod.ubuntu.com PYTHONPATH=/home/eileen/ros2_ws/build/smart_lighting_controller/prefix_override:/usr/lib/python3/dist-packages/colcon_core/task/python/colcon_distutils_commands:/home/eileen/ros2_ws/install/smart_lighting_controller/lib/python3.12/site-packages:${PYTHONPATH} /usr/bin/python3 -W ignore:setup.py install is deprecated -W ignore:easy_install command is deprecated setup.py egg_info --egg-base ../../../build/smart_lighting_controller build --build-base /home/eileen/ros2_ws/build/smart_lighting_controller/build install --record /home/eileen/ros2_ws/build/smart_lighting_controller/install.log --single-version-externally-managed install_data --force
[0.989s] running egg_info
[0.997s] writing ../../../build/smart_lighting_controller/smart_lighting_controller.egg-info/PKG-INFO
[0.997s] writing dependency_links to ../../../build/smart_lighting_controller/smart_lighting_controller.egg-info/dependency_links.txt
[0.997s] writing entry points to ../../../build/smart_lighting_controller/smart_lighting_controller.egg-info/entry_points.txt
[0.997s] writing requirements to ../../../build/smart_lighting_controller/smart_lighting_controller.egg-info/requires.txt
[0.997s] writing top-level names to ../../../build/smart_lighting_controller/smart_lighting_controller.egg-info/top_level.txt
[1.017s] reading manifest file '../../../build/smart_lighting_controller/smart_lighting_controller.egg-info/SOURCES.txt'
[1.017s] writing manifest file '../../../build/smart_lighting_controller/smart_lighting_controller.egg-info/SOURCES.txt'
[1.017s] running build
[1.017s] running build_py
[1.018s] copying smart_lighting_controller/__init__.py -> /home/eileen/ros2_ws/build/smart_lighting_controller/build/lib/smart_lighting_controller
[1.018s] copying smart_lighting_controller/lighting_controller.py -> /home/eileen/ros2_ws/build/smart_lighting_controller/build/lib/smart_lighting_controller
[1.018s] running install
[1.021s] running install_lib
[1.031s] creating /home/eileen/ros2_ws/install/smart_lighting_controller/lib/python3.12/site-packages/smart_lighting_controller
[1.031s] copying /home/eileen/ros2_ws/build/smart_lighting_controller/build/lib/smart_lighting_controller/__init__.py -> /home/eileen/ros2_ws/install/smart_lighting_controller/lib/python3.12/site-packages/smart_lighting_controller
[1.031s] copying /home/eileen/ros2_ws/build/smart_lighting_controller/build/lib/smart_lighting_controller/lighting_controller.py -> /home/eileen/ros2_ws/install/smart_lighting_controller/lib/python3.12/site-packages/smart_lighting_controller
[1.031s] byte-compiling /home/eileen/ros2_ws/install/smart_lighting_controller/lib/python3.12/site-packages/smart_lighting_controller/__init__.py to __init__.cpython-312.pyc
[1.032s] byte-compiling /home/eileen/ros2_ws/install/smart_lighting_controller/lib/python3.12/site-packages/smart_lighting_controller/lighting_controller.py to lighting_controller.cpython-312.pyc
[1.032s] running install_data
[1.032s] copying resource/smart_lighting_controller -> /home/eileen/ros2_ws/install/smart_lighting_controller/share/ament_index/resource_index/packages
[1.033s] copying package.xml -> /home/eileen/ros2_ws/install/smart_lighting_controller/share/smart_lighting_controller
[1.033s] running install_egg_info
[1.042s] Copying ../../../build/smart_lighting_controller/smart_lighting_controller.egg-info to /home/eileen/ros2_ws/install/smart_lighting_controller/lib/python3.12/site-packages/smart_lighting_controller-0.0.0-py3.12.egg-info
[1.043s] running install_scripts
[1.111s] Installing lighting_controller script to /home/eileen/ros2_ws/install/smart_lighting_controller/lib/smart_lighting_controller
[1.111s] writing list of installed files to '/home/eileen/ros2_ws/build/smart_lighting_controller/install.log'
[1.132s] Invoked command in '/home/eileen/ros2_ws/src/smart_lighting_controller/smart_home_take_home_assignment' returned '0': DEBUGINFOD_URLS=https://debuginfod.ubuntu.com PYTHONPATH=/home/eileen/ros2_ws/build/smart_lighting_controller/prefix_override:/usr/lib/python3/dist-packages/colcon_core/task/python/colcon_distutils_commands:/home/eileen/ros2_ws/install/smart_lighting_controller/lib/python3.12/site-packages:${PYTHONPATH} /usr/bin/python3 -W ignore:setup.py install is deprecated -W ignore:easy_install command is deprecated setup.py egg_info --egg-base ../../../build/smart_lighting_controller build --build-base /home/eileen/ros2_ws/build/smart_lighting_controller/build install --record /home/eileen/ros2_ws/build/smart_lighting_controller/install.log --single-version-externally-managed install_data --force
